┌────────────┬─────────────────┬──────────┬──────────────────┬─────────────────┐
│ PRODUCT ID │ PACKAGE         │ LISTINGS │ PURCHASE OPTIONS │ REGIONS VERSION │
├────────────┼─────────────────┼──────────┼──────────────────┼─────────────────┤
│ coins.v1   │ com.example.app │ 1        │ 1                │ 2025/02         │
└────────────┴─────────────────┴──────────┴──────────────────┴─────────────────┘
